ERC report (2026-05-02T11:46:24+0000, Encoding UTF8)

***** Sheet /
[footprint_link_issues]: The current configuration does not include the footprint library '__Sienkiewicz'.
    ; warning
    @(1.6002 mm, 0.7112 mm): Symbol U1 [Sienkiewicz]

[lib_symbol_issues]: The current configuration does not include the symbol library '__Sienkiewicz'
    ; warning
    @(1.6002 mm, 0.7112 mm): Symbol U1 [Sienkiewicz]

[lib_symbol_mismatch]: Symbol 'LED_Small' doesn't match copy in library 'Device'
    ; warning
    @(1.524 mm, 0.5588 mm): Symbol D1 [LED_Small]

[lib_symbol_mismatch]: Symbol 'LED_Small' doesn't match copy in library 'Device'
    ; warning
    @(1.524 mm, 0.5842 mm): Symbol D2 [LED_Small]

[lib_symbol_mismatch]: Symbol 'LED_Small' doesn't match copy in library 'Device'
    ; warning
    @(1.524 mm, 0.6096 mm): Symbol D3 [LED_Small]

[lib_symbol_mismatch]: Symbol 'LED_Small' doesn't match copy in library 'Device'
    ; warning
    @(1.524 mm, 0.635 mm): Symbol D4 [LED_Small]

[lib_symbol_mismatch]: Symbol 'LED_Small' doesn't match copy in library 'Device'
    ; warning
    @(1.524 mm, 0.6604 mm): Symbol D5 [LED_Small]

[lib_symbol_mismatch]: Symbol 'LED_Small' doesn't match copy in library 'Device'
    ; warning
    @(1.524 mm, 0.6858 mm): Symbol D6 [LED_Small]

[lib_symbol_mismatch]: Symbol 'LED_Small' doesn't match copy in library 'Device'
    ; warning
    @(1.524 mm, 0.7112 mm): Symbol D7 [LED_Small]

[lib_symbol_mismatch]: Symbol 'LED_Small' doesn't match copy in library 'Device'
    ; warning
    @(1.524 mm, 0.7366 mm): Symbol D8 [LED_Small]

[lib_symbol_mismatch]: Symbol 'LED_Small' doesn't match copy in library 'Device'
    ; warning
    @(1.524 mm, 0.762 mm): Symbol D9 [LED_Small]

[lib_symbol_mismatch]: Symbol 'LED_Small' doesn't match copy in library 'Device'
    ; warning
    @(1.524 mm, 0.7874 mm): Symbol D10 [LED_Small]

[lib_symbol_mismatch]: Symbol 'LED_Small' doesn't match copy in library 'Device'
    ; warning
    @(1.524 mm, 0.8128 mm): Symbol D11 [LED_Small]

[lib_symbol_mismatch]: Symbol 'LED_Small' doesn't match copy in library 'Device'
    ; warning
    @(1.524 mm, 0.8382 mm): Symbol D12 [LED_Small]

[lib_symbol_mismatch]: Symbol 'LED_Small' doesn't match copy in library 'Device'
    ; warning
    @(1.524 mm, 0.8636 mm): Symbol D13 [LED_Small]

[lib_symbol_mismatch]: Symbol 'LED_Small' doesn't match copy in library 'Device'
    ; warning
    @(1.524 mm, 0.889 mm): Symbol D14 [LED_Small]

[lib_symbol_mismatch]: Symbol 'LED_Small' doesn't match copy in library 'Device'
    ; warning
    @(1.524 mm, 0.9144 mm): Symbol D15 [LED_Small]

[lib_symbol_mismatch]: Symbol 'LED_Small' doesn't match copy in library 'Device'
    ; warning
    @(1.524 mm, 0.9398 mm): Symbol D16 [LED_Small]

***** Sheet /Block Diagram/
***** Sheet /Project Architecture/
***** Sheet /Project Architecture/Sec A - Shift Register Screw Interface/
***** Sheet /Project Architecture/Sec B - Shift Register/
***** Sheet /Project Architecture/Sec C - LED Display/
***** Sheet /Power - Sequencing/
***** Sheet /Revision History/
 ** ERC messages: 18  Errors 0  Warnings 18
